// Jest Snapshot v1, https://goo.gl/fbAQLP

exports[`MainPage Container Expect to render MainPage Component with personal 1`] = `ShallowWrapper {}`;

exports[`MainPage Container Expect to render MainPage Component with personal and name 1`] = `ShallowWrapper {}`;

exports[`MainPage Container Expect to render MainPage Component with robots 1`] = `ShallowWrapper {}`;
